 S0C    S1C    S0U    S1U      EC       EU        OC         OU       MC     MU    CCSC   CCSU   YGC     YGCT    FGC    FGCT    CGC    CGCT     GCT   
 0.0   9216.0  0.0   9216.0 169984.0 31744.0   128000.0    1410.5   36096.0 34885.5 4992.0 4578.8      5    0.047   0      0.000   4      0.007    0.054
 0.0   9216.0  0.0   9216.0 169984.0 31744.0   128000.0    1410.5   36096.0 34885.5 4992.0 4578.8      5    0.047   0      0.000   4      0.007    0.054
 0.0   9216.0  0.0   9216.0 169984.0 31744.0   128000.0    1410.5   36096.0 34885.5 4992.0 4578.8      5    0.047   0      0.000   4      0.007    0.054
 0.0   9216.0  0.0   9216.0 169984.0 31744.0   128000.0    1410.5   36096.0 34885.5 4992.0 4578.8      5    0.047   0      0.000   4      0.007    0.054
 0.0   9216.0  0.0   9216.0 169984.0 31744.0   128000.0    1410.5   36096.0 34885.5 4992.0 4578.8      5    0.047   0      0.000   4      0.007    0.054
 0.0   9216.0  0.0   9216.0 169984.0 84992.0   128000.0    1410.5   36096.0 34885.5 4992.0 4578.8      5    0.047   0      0.000   4      0.007    0.054
 0.0   8192.0  0.0   8192.0 165888.0 78848.0   133120.0   34816.0   42880.0 41373.8 5760.0 5220.4      8    0.104   0      0.000   4      0.007    0.110
 0.0   15360.0  0.0   15360.0 178176.0 161792.0  113664.0   38589.3   42880.0 41441.7 5760.0 5220.9     12    0.154   0      0.000   4      0.007    0.160
 0.0   18432.0  0.0   18432.0 150528.0 27648.0   138240.0   69174.4   42880.0 41445.9 5760.0 5222.0     19    0.268   0      0.000   4      0.007    0.275
 0.0   14336.0  0.0   14336.0 296960.0 276480.0  182272.0   72405.4   42880.0 41450.7 5760.0 5222.0     24    0.325   0      0.000   4      0.007    0.332
 0.0   25600.0  0.0   25600.0 356352.0 110592.0  225280.0   75997.5   42880.0 41461.7 5760.0 5224.8     30    0.410   0      0.000   4      0.007    0.416
 0.0   28672.0  0.0   28672.0 449536.0 248832.0  279552.0   77633.0   42880.0 41464.5 5760.0 5224.8     34    0.467   0      0.000   4      0.007    0.474
 0.0   8192.0  0.0   8192.0 553984.0 432128.0  328704.0   77633.0   42880.0 41474.8 5760.0 5224.8     37    0.500   0      0.000   4      0.007    0.507
 0.0   14336.0  0.0   14336.0 547840.0 249856.0  328704.0   78145.0   42880.0 41475.5 5760.0 5224.8     38    0.508   0      0.000   4      0.007    0.515
 0.0   14336.0  0.0   14336.0 547840.0 249856.0  328704.0   78145.0   42880.0 41475.5 5760.0 5224.8     38    0.508   0      0.000   4      0.007    0.515
 0.0   14336.0  0.0   14336.0 547840.0 249856.0  328704.0   78145.0   42880.0 41475.5 5760.0 5224.8     38    0.508   0      0.000   4      0.007    0.515
 0.0   14336.0  0.0   14336.0 547840.0 249856.0  328704.0   78145.0   42880.0 41475.5 5760.0 5224.8     38    0.508   0      0.000   4      0.007    0.515
 0.0   14336.0  0.0   14336.0 547840.0 249856.0  328704.0   78145.0   42880.0 41475.5 5760.0 5224.8     38    0.508   0      0.000   4      0.007    0.515
 0.0   14336.0  0.0   14336.0 547840.0 249856.0  328704.0   78145.0   42880.0 41475.5 5760.0 5224.8     38    0.508   0      0.000   4      0.007    0.515
 0.0   14336.0  0.0   14336.0 547840.0 249856.0  328704.0   78145.0   42880.0 41475.5 5760.0 5224.8     38    0.508   0      0.000   4      0.007    0.515


  S0C    S1C    S0U    S1U      EC       EU        OC         OU       MC     MU    CCSC   CCSU   YGC     YGCT    FGC    FGCT    CGC    CGCT     GCT   
 0.0   13312.0  0.0   13312.0 148480.0 73728.0   94208.0      0.0     36144.0 34749.5 4992.0 4537.7      4    0.043   0      0.000   4      0.005    0.048
 0.0   13312.0  0.0   13312.0 148480.0 73728.0   94208.0      0.0     36144.0 34749.5 4992.0 4537.7      4    0.043   0      0.000   4      0.005    0.048
 0.0   13312.0  0.0   13312.0 148480.0 73728.0   94208.0      0.0     36144.0 34749.5 4992.0 4537.7      4    0.043   0      0.000   4      0.005    0.048
 0.0   13312.0  0.0   13312.0 148480.0 73728.0   94208.0      0.0     36144.0 34749.5 4992.0 4537.7      4    0.043   0      0.000   4      0.005    0.048
^C[root@opqsvc ~]# jstat -gc 1945 2s
 S0C    S1C    S0U    S1U      EC       EU        OC         OU       MC     MU    CCSC   CCSU   YGC     YGCT    FGC    FGCT    CGC    CGCT     GCT   
 0.0   13312.0  0.0   13312.0 148480.0 73728.0   94208.0      0.0     36144.0 34749.5 4992.0 4537.7      4    0.043   0      0.000   4      0.005    0.048
 0.0   13312.0  0.0   13312.0 148480.0 73728.0   94208.0      0.0     36144.0 34749.5 4992.0 4537.7      4    0.043   0      0.000   4      0.005    0.048
 0.0   13312.0  0.0   13312.0 148480.0 73728.0   94208.0      0.0     36144.0 34749.5 4992.0 4537.7      4    0.043   0      0.000   4      0.005    0.048
 0.0   23552.0  0.0   23552.0 169984.0 33792.0   113664.0   36284.7   46256.0 44715.6 6144.0 5558.1      7    0.091   0      0.000   4      0.005    0.097
 0.0   12288.0  0.0   12288.0 171008.0 100352.0  123904.0   68196.0   46768.0 45059.0 6144.0 5559.1     10    0.128   0      0.000   4      0.005    0.133
 0.0   11264.0  0.0   11264.0 179200.0 168960.0  116736.0   73528.7   46768.0 45137.3 6144.0 5559.1     14    0.162   0      0.000   4      0.005    0.168
 0.0   12288.0  0.0   12288.0 220160.0 89088.0   136192.0   73563.2   46768.0 45163.6 6144.0 5559.1     19    0.205   0      0.000   4      0.005    0.210
 0.0   13312.0  0.0   13312.0 265216.0 174080.0  163840.0   73569.5   46768.0 45163.6 6144.0 5559.1     23    0.235   0      0.000   4      0.005    0.241
 0.0   5120.0  0.0   5120.0 273408.0 175104.0  163840.0   80691.1   46768.0 45164.8 6144.0 5559.6     27    0.264   0      0.000   4      0.005    0.270
 0.0   4096.0  0.0   4096.0 274432.0 21504.0   163840.0   81769.7   46768.0 45170.5 6144.0 5559.6     32    0.298   0      0.000   4      0.005    0.304
 0.0   4096.0  0.0   4096.0 274432.0 261120.0  163840.0   81497.8   46768.0 45173.7 6144.0 5559.6     37    0.327   0      0.000   4      0.005    0.332
 0.0   4096.0  0.0   4096.0 274432.0 14336.0   163840.0   81769.3   46768.0 45196.5 6144.0 5564.7     45    0.376   0      0.000   4      0.005    0.382
 0.0   3072.0  0.0   3072.0 331776.0 167936.0  196608.0   82070.0   46768.0 45200.0 6144.0 5564.7     48    0.392   0      0.000   4      0.005    0.397
 0.0   3072.0  0.0   3072.0 331776.0 167936.0  196608.0   82070.0   46768.0 45200.0 6144.0 5564.7     48    0.392   0      0.000   4      0.005    0.397
 0.0   3072.0  0.0   3072.0 331776.0 167936.0  196608.0   82070.0   46768.0 45200.0 6144.0 5564.7     48    0.392   0      0.000   4      0.005    0.397
 0.0   3072.0  0.0   3072.0 331776.0 167936.0  196608.0   82070.0   46768.0 45200.0 6144.0 5564.7     48    0.392   0      0.000   4      0.005    0.397
 0.0   3072.0  0.0   3072.0 331776.0 167936.0  196608.0   82070.0   46768.0 45200.0 6144.0 5564.7     48    0.392   0      0.000   4      0.005    0.397
 0.0   3072.0  0.0   3072.0 331776.0 167936.0  196608.0   82070.0   46768.0 45200.0 6144.0 5564.7     48    0.392   0      0.000   4      0.005    0.397