 S0C    S1C    S0U    S1U      EC       EU        OC         OU       MC     MU    CCSC   CCSU   YGC     YGCT    FGC    FGCT    CGC    CGCT     GCT   
 0.0   10240.0  0.0   10240.0 183296.0 47104.0   114688.0    677.6    35884.0 34588.1 4992.0 4525.7      5    0.053   0      0.000   4      0.006    0.059
 0.0   10240.0  0.0   10240.0 183296.0 47104.0   114688.0    677.6    35884.0 34588.1 4992.0 4525.7      5    0.053   0      0.000   4      0.006    0.059
 0.0   22528.0  0.0   22528.0 147456.0 63488.0   138240.0   46575.0   48428.0 46458.2 6528.0 5776.0      9    0.152   0      0.000   4      0.006    0.158
 0.0   35840.0  0.0   35840.0 818176.0 175104.0  618496.0   158623.5  48428.0 46043.9 6528.0 5639.2     28    0.609   0      0.000   8      0.025    0.634
 0.0   45056.0  0.0   45056.0 882688.0 642048.0  544768.0   158111.5  48428.0 46048.1 6528.0 5641.8     31    0.674   0      0.000   8      0.025    0.699
 0.0   43008.0  0.0   43008.0 884736.0 493568.0  544768.0   158623.5  48428.0 46060.3 6528.0 5643.3     35    0.758   0      0.000   8      0.025    0.783
 0.0   45056.0  0.0   45056.0 882688.0 350208.0  544768.0   158111.5  48428.0 46063.8 6528.0 5643.3     39    0.844   0      0.000   8      0.025    0.869
 0.0   48128.0  0.0   48128.0 879616.0 135168.0  544768.0   159468.0  48428.0 46063.8 6528.0 5643.3     43    0.934   0      0.000   8      0.025    0.959
 0.0   47104.0  0.0   47104.0 880640.0 39936.0   544768.0   160817.0  48428.0 46065.1 6528.0 5643.3     47    1.021   0      0.000   8      0.025    1.046
 0.0   46080.0  0.0   46080.0 881664.0 740352.0  544768.0   161708.0  48428.0 46065.5 6528.0 5643.3     50    1.085   0      0.000   8      0.025    1.111
 0.0   50176.0  0.0   50176.0 877568.0 588800.0  544768.0   162902.0  48428.0 46066.4 6528.0 5643.3     54    1.174   0      0.000   8      0.025    1.199
 0.0   47104.0  0.0   47104.0 880640.0 478208.0  544768.0   164644.5  48428.0 46067.5 6528.0 5643.3     58    1.261   0      0.000   8      0.025    1.286
 0.0   51200.0  0.0   51200.0 876544.0 449536.0  544768.0   165881.5  48428.0 46067.6 6528.0 5643.3     62    1.352   0      0.000   8      0.025    1.377
 0.0   51200.0  0.0   51200.0 876544.0 321536.0  544768.0   167057.0  48428.0 46068.1 6528.0 5643.3     66    1.443   0      0.000   8      0.025    1.468
 0.0   49152.0  0.0   49152.0 878592.0 257024.0  544768.0   167735.0  48428.0 46068.1 6528.0 5643.3     70    1.530   0      0.000   8      0.025    1.555
 0.0   46080.0  0.0   46080.0 881664.0 217088.0  544768.0   169437.0  48428.0 46068.1 6528.0 5643.3     74    1.615   0      0.000   8      0.025    1.640
 0.0   44032.0  0.0   44032.0 883712.0 78848.0   544768.0   170107.5  48428.0 46068.1 6528.0 5643.3     78    1.704   0      0.000   8      0.025    1.729
 0.0   43008.0  0.0   43008.0 884736.0 10240.0   544768.0   171307.5  48428.0 46068.5 6528.0 5643.3     82    1.794   0      0.000   8      0.025    1.819
 0.0   47104.0  0.0   47104.0 880640.0 715776.0  544768.0   172712.0  48428.0 46068.5 6528.0 5643.3     85    1.860   0      0.000   8      0.025    1.885
 0.0   41984.0  0.0   41984.0 885760.0 580608.0  544768.0   173387.5  48428.0 46070.8 6528.0 5643.3     89    1.944   0      0.000   8      0.025    1.969
 0.0   48128.0  0.0   48128.0 879616.0 443392.0  544768.0   175088.5  48428.0 46070.8 6528.0 5643.3     93    2.029   0      0.000   8      0.025    2.054
 0.0   45056.0  0.0   45056.0 882688.0 362496.0  544768.0   175792.0  48428.0 46070.8 6528.0 5643.3     97    2.118   0      0.000   8      0.025    2.143
 0.0   43008.0  0.0   43008.0 884736.0 208896.0  544768.0   177486.5  48428.0 46070.8 6528.0 5643.3    101    2.206   0      0.000   8      0.025    2.231
 0.0   45056.0  0.0   45056.0 882688.0 77824.0   544768.0   178146.0  48428.0 46070.8 6528.0 5643.3    105    2.296   0      0.000   8      0.025    2.321
 0.0   52224.0  0.0   52224.0 875520.0 818176.0  544768.0   179547.5  48428.0 46070.8 6528.0 5643.3    108    2.368   0      0.000   8      0.025    2.393
 0.0   51200.0  0.0   51200.0 876544.0 733184.0  544768.0   180231.5  48428.0 46070.8 6528.0 5643.3    112    2.459   0      0.000   8      0.025    2.484
 0.0   51200.0  0.0   51200.0 876544.0 595968.0  544768.0   181902.5  48428.0 46070.8 6528.0 5643.3    116    2.551   0      0.000   8      0.025    2.576
 0.0   51200.0  0.0   51200.0 876544.0 402432.0  544768.0   183090.5  48428.0 46071.4 6528.0 5643.3    120    2.644   0      0.000   8      0.025    2.669
 0.0   27648.0  0.0   27648.0 900096.0 366592.0  544768.0   182870.0  48428.0 46071.5 6528.0 5643.3    121    2.657   0      0.000   8      0.025    2.683
 0.0   27648.0  0.0   27648.0 900096.0 366592.0  544768.0   182870.0  48428.0 46071.5 6528.0 5643.3    121    2.657   0      0.000   8      0.025    2.683
 0.0   27648.0  0.0   27648.0 900096.0 366592.0  544768.0   182870.0  48428.0 46071.5 6528.0 5643.3    121    2.657   0      0.000   8      0.025    2.683


 S0C    S1C    S0U    S1U      EC       EU        OC         OU       MC     MU    CCSC   CCSU   YGC     YGCT    FGC    FGCT    CGC    CGCT     GCT   
 0.0   10240.0  0.0   10240.0 146432.0 108544.0  150528.0    1106.3   36176.0 34893.6 4864.0 4456.6      5    0.048   0      0.000   4      0.006    0.054
 0.0   10240.0  0.0   10240.0 146432.0 109568.0  150528.0    1106.3   36176.0 34893.6 4864.0 4456.6      5    0.048   0      0.000   4      0.006    0.054
 0.0   10240.0  0.0   10240.0 146432.0 109568.0  150528.0    1106.3   36176.0 34893.6 4864.0 4456.6      5    0.048   0      0.000   4      0.006    0.054
 0.0   10240.0  0.0   10240.0 146432.0 110592.0  150528.0    1106.3   36176.0 34893.6 4864.0 4456.6      5    0.048   0      0.000   4      0.006    0.054
 0.0   10240.0  0.0   10240.0 146432.0 110592.0  150528.0    1106.3   36176.0 34893.6 4864.0 4456.6      5    0.048   0      0.000   4      0.006    0.054
 0.0   10240.0  0.0   10240.0 146432.0 111616.0  150528.0    1106.3   36176.0 34893.6 4864.0 4456.6      5    0.048   0      0.000   4      0.006    0.054
 0.0   17408.0  0.0   17408.0 153600.0 65536.0   136192.0   61698.0   51664.0 49545.2 6784.0 6074.5     12    0.138   0      0.000   4      0.006    0.144
 0.0   13312.0  0.0   13312.0 219136.0 57344.0   136192.0   76910.1   52176.0 50030.4 6784.0 6074.5     24    0.241   0      0.000   4      0.006    0.246
 0.0   5120.0  0.0   5120.0 329728.0 227328.0  196608.0   84996.6   52176.0 50073.0 6784.0 6080.5     34    0.329   0      0.000   4      0.006    0.335
 0.0   5120.0  0.0   5120.0 329728.0 118784.0  196608.0   85014.8   52176.0 50080.3 6784.0 6080.5     49    0.414   0      0.000   4      0.006    0.420
 0.0   5120.0  0.0   5120.0 329728.0 124928.0  196608.0   85283.2   52176.0 50085.2 6784.0 6080.5     64    0.499   0      0.000   4      0.006    0.505
 0.0   5120.0  0.0   5120.0 329728.0 33792.0   196608.0   85532.3   52432.0 50102.4 6784.0 6080.5     79    0.583   0      0.000   4      0.006    0.589
 0.0   5120.0  0.0   5120.0 329728.0 283648.0  196608.0   85850.2   52432.0 50104.3 6784.0 6080.5     93    0.661   0      0.000   4      0.006    0.666
 0.0   5120.0  0.0   5120.0 329728.0 159744.0  196608.0   86094.7   52560.0 50139.0 6912.0 6081.6    108    0.746   0      0.000   4      0.006    0.751
 0.0   5120.0  0.0   5120.0 329728.0 188416.0  196608.0   86300.1   52560.0 50139.1 6912.0 6081.6    123    0.828   0      0.000   4      0.006    0.834
 0.0   5120.0  0.0   5120.0 329728.0 142336.0  196608.0   86642.9   52560.0 50140.5 6912.0 6081.6    138    0.911   0      0.000   4      0.006    0.917
 0.0   5120.0  0.0   5120.0 329728.0 119808.0  196608.0   86755.5   52560.0 50144.6 6912.0 6081.6    153    0.994   0      0.000   4      0.006    1.000
 0.0   5120.0  0.0   5120.0 329728.0 313344.0  196608.0   87270.7   52560.0 50145.0 6912.0 6081.6    168    1.069   0      0.000   4      0.006    1.075
 0.0   5120.0  0.0   5120.0 329728.0 204800.0  196608.0   87197.7   52560.0 50146.0 6912.0 6081.6    169    1.083   0      0.000   4      0.006    1.089
 0.0   5120.0  0.0   5120.0 329728.0 205824.0  196608.0   87197.7   52560.0 50146.0 6912.0 6081.6    169    1.083   0      0.000   4      0.006    1.089
 0.0   5120.0  0.0   5120.0 329728.0 206848.0  196608.0   87197.7   52560.0 50146.0 6912.0 6081.6    169    1.083   0      0.000   4      0.006    1.089
 0.0   5120.0  0.0   5120.0 329728.0 206848.0  196608.0   87197.7   52560.0 50146.0 6912.0 6081.6    169    1.083   0      0.000   4      0.006    1.089
 0.0   5120.0  0.0   5120.0 329728.0 208896.0  196608.0   87197.7   52560.0 50146.0 6912.0 6081.6    169    1.083   0      0.000   4      0.006    1.089
 0.0   5120.0  0.0   5120.0 329728.0 208896.0  196608.0   87197.7   52560.0 50146.0 6912.0 6081.6    169    1.083   0      0.000   4      0.006    1.089
 0.0   5120.0  0.0   5120.0 329728.0 210944.0  196608.0   87197.7   52560.0 50146.0 6912.0 6081.6    169    1.083   0      0.000   4      0.006    1.089
 0.0   5120.0  0.0   5120.0 329728.0 210944.0  196608.0   87197.7   52560.0 50146.0 6912.0 6081.6    169    1.083   0      0.000   4      0.006    1.089
 0.0   5120.0  0.0   5120.0 329728.0 211968.0  196608.0   87197.7   52560.0 50146.0 6912.0 6081.6    169    1.083   0      0.000   4      0.006    1.089
 0.0   5120.0  0.0   5120.0 329728.0 212992.0  196608.0   87197.7   52560.0 50146.0 6912.0 6081.6    169    1.083   0      0.000   4      0.006    1.089
 0.0   5120.0  0.0   5120.0 329728.0 214016.0  196608.0   87197.7   52560.0 50146.0 6912.0 6081.6    169    1.083   0      0.000   4      0.006    1.089
 0.0   5120.0  0.0   5120.0 329728.0 215040.0  196608.0   87197.7   52560.0 50146.0 6912.0 6081.6    169    1.083   0      0.000   4      0.006    1.089
 0.0   5120.0  0.0   5120.0 329728.0 216064.0  196608.0   87197.7   52560.0 50146.0 6912.0 6081.6    169    1.083   0      0.000   4      0.006    1.089
 0.0   5120.0  0.0   5120.0 329728.0 217088.0  196608.0   87197.7   52560.0 50146.0 6912.0 6081.6    169    1.083   0      0.000   4      0.006    1.089
 0.0   5120.0  0.0   5120.0 329728.0 218112.0  196608.0   87197.7   52560.0 50146.0 6912.0 6081.6    169    1.083   0      0.000   4      0.006    1.089
 0.0   5120.0  0.0   5120.0 329728.0 218112.0  196608.0   87197.7   52560.0 50146.0 6912.0 6081.6    169    1.083   0      0.000   4      0.006    1.089
 0.0   5120.0  0.0   5120.0 329728.0 220160.0  196608.0   87197.7   52560.0 50146.0 6912.0 6081.6    169    1.083   0      0.000   4      0.006    1.089
 0.0   5120.0  0.0   5120.0 329728.0 220160.0  196608.0   87197.7   52560.0 50146.0 6912.0 6081.6    169    1.083   0      0.000   4      0.006    1.089
 0.0   5120.0  0.0   5120.0 329728.0 222208.0  196608.0   87197.7   52560.0 50146.0 6912.0 6081.6    169    1.083   0      0.000   4      0.006    1.089
 0.0   5120.0  0.0   5120.0 329728.0 222208.0  196608.0   87197.7   52560.0 50146.0 6912.0 6081.6    169    1.083   0      0.000   4      0.006    1.089
 0.0   5120.0  0.0   5120.0 329728.0 223232.0  196608.0   87197.7   52560.0 50146.0 6912.0 6081.6    169    1.083   0      0.000   4      0.006    1.089
 0.0   5120.0  0.0   5120.0 329728.0 224256.0  196608.0   87197.7   52560.0 50146.0 6912.0 6081.6    169    1.083   0      0.000   4      0.006    1.089
 0.0   5120.0  0.0   5120.0 329728.0 225280.0  196608.0   87197.7   52560.0 50146.0 6912.0 6081.6    169    1.083   0      0.000   4      0.006    1.089
 0.0   5120.0  0.0   5120.0 329728.0 226304.0  196608.0   87197.7   52560.0 50146.0 6912.0 6081.6    169    1.083   0      0.000   4      0.006    1.089
 0.0   5120.0  0.0   5120.0 329728.0 227328.0  196608.0   87197.7   52560.0 50146.0 6912.0 6081.6    169    1.083   0      0.000   4      0.006    1.089
 0.0   5120.0  0.0   5120.0 329728.0 228352.0  196608.0   87197.7   52560.0 50146.0 6912.0 6081.6    169    1.083   0      0.000   4      0.006    1.089
 0.0   5120.0  0.0   5120.0 329728.0 229376.0  196608.0   87197.7   52560.0 50146.0 6912.0 6081.6    169    1.083   0      0.000   4      0.006    1.089
 0.0   5120.0  0.0   5120.0 329728.0 229376.0  196608.0   87197.7   52560.0 50146.0 6912.0 6081.6    169    1.083   0      0.000   4      0.006    1.089
 0.0   5120.0  0.0   5120.0 329728.0 231424.0  196608.0   87197.7   52560.0 50146.0 6912.0 6081.6    169    1.083   0      0.000   4      0.006    1.089
 0.0   5120.0  0.0   5120.0 329728.0 231424.0  196608.0   87197.7   52560.0 50146.0 6912.0 6081.6    169    1.083   0      0.000   4      0.006    1.089
 0.0   5120.0  0.0   5120.0 329728.0 232448.0  196608.0   87197.7   52560.0 50146.0 6912.0 6081.6    169    1.083   0      0.000   4      0.006    1.089
 0.0   5120.0  0.0   5120.0 329728.0 233472.0  196608.0   87197.7   52560.0 50146.0 6912.0 6081.6    169    1.083   0      0.000   4      0.006    1.089
 0.0   5120.0  0.0   5120.0 329728.0 234496.0  196608.0   87197.7   52560.0 50146.0 6912.0 6081.6    169    1.083   0      0.000   4      0.006    1.089
 0.0   5120.0  0.0   5120.0 329728.0 235520.0  196608.0   87197.7   52560.0 50146.0 6912.0 6081.6    169    1.083   0      0.000   4      0.006    1.089
 0.0   5120.0  0.0   5120.0 329728.0 236544.0  196608.0   87197.7   52560.0 50146.0 6912.0 6081.6    169    1.083   0      0.000   4      0.006    1.089
 0.0   5120.0  0.0   5120.0 329728.0 237568.0  196608.0   87197.7   52560.0 50146.0 6912.0 6081.6    169    1.083   0      0.000   4      0.006    1.089
 0.0   5120.0  0.0   5120.0 329728.0 238592.0  196608.0   87197.7   52560.0 50146.0 6912.0 6081.6    169    1.083   0      0.000   4      0.006    1.089
 0.0   5120.0  0.0   5120.0 329728.0 238592.0  196608.0   87197.7   52560.0 50146.0 6912.0 6081.6    169    1.083   0      0.000   4      0.006    1.089